<?xml version="1.0"?>
<!DOCTYPE html>
<html xmlns:swytch="file://../vendor/bottledcode/swytch-framework/swytch.xsd" lang="en">
  <head>
        </head>
  <body>
    <h1>Hello world</h1>
    <counter/>
  </body>
</html>
